// Jest Snapshot v1, https://goo.gl/fbAQLP

exports[`Pruebas en el componente <AddCategory /> Debe de mostrarse correctamente el componente 1`] = `
<form
  onSubmit={[Function]}
>
  <p
    className="displayPrueba"
  />
  <input
    onChange={[Function]}
    type="text"
    value=""
  />
</form>
`;
