// Jest Snapshot v1, https://goo.gl/fbAQLP

exports[`Pruebas en el componente <GifGrid /> Debe de cargar correctamente el componente 1`] = `
<Fragment>
  <h3
    className="animate__animated animate__fadeIn"
  >
    FUN
  </h3>
  <p
    className="animate__animated animate__flash"
  >
    Loading
  </p>
  <div
    className="card-grid"
  />
</Fragment>
`;
